node.exe : C:\Users\phila\Desktop\WCNotes-new-master\node_modules\typescript\lib\_tsc.js:1284
At C:\Program Files\nodejs\npx.ps1:29 char:3
+   & $NODE_EXE $NPX_CLI_JS $args
+   ~~~~~~~~~~~~~~~~~~~~~~~~~~~~~
    + CategoryInfo          : NotSpecified: (C:\Users\phila\...ib\_tsc.js:1284:String) [], RemoteException
    + FullyQualifiedErrorId : NativeCommandError
 
    throw e;
    ^

Error: Debug Failure. False expression.
    at parseVariableDeclarationList (C:\Users\phila\Desktop\WCNotes-new-master\node_modules\typescript\lib\_tsc.js:33762:15)
    at parseVariableStatement (C:\Users\phila\Desktop\WCNotes-new-master\node_modules\typescript\lib\_tsc.js:33788:29)
    at parseDeclarationWorker (C:\Users\phila\Desktop\WCNotes-new-master\node_modules\typescript\lib\_tsc.js:33602:16)
    at parseDeclaration (C:\Users\phila\Desktop\WCNotes-new-master\node_modules\typescript\lib\_tsc.js:33584:14)
    at parseStatement (C:\Users\phila\Desktop\WCNotes-new-master\node_modules\typescript\lib\_tsc.js:33537:16)
    at parseListElement (C:\Users\phila\Desktop\WCNotes-new-master\node_modules\typescript\lib\_tsc.js:30115:12)
    at parseList (C:\Users\phila\Desktop\WCNotes-new-master\node_modules\typescript\lib\_tsc.js:30100:19)
    at parseSourceFileWorker (C:\Users\phila\Desktop\WCNotes-new-master\node_modules\typescript\lib\_tsc.js:29130:24)
    at Object.parseSourceFile (C:\Users\phila\Desktop\WCNotes-new-master\node_modules\typescript\lib\_tsc.js:28957:20)
    at createSourceFile (C:\Users\phila\Desktop\WCNotes-new-master\node_modules\typescript\lib\_tsc.js:28807:21)

Node.js v22.9.0
