[2025-01-01T05:54:22.920+0000][12916][info][gc,init] CardTable entry size: 512
[2025-01-01T05:54:22.921+0000][12916][info][gc     ] Using G1
[2025-01-01T05:54:22.921+0000][12916][info][gc,init] Version: 21.0.1+12-29 (release)
[2025-01-01T05:54:22.921+0000][12916][info][gc,init] CPUs: 12 total, 12 available
[2025-01-01T05:54:22.921+0000][12916][info][gc,init] Memory: 7885M
[2025-01-01T05:54:22.921+0000][12916][info][gc,init] Large Page Support: Disabled
[2025-01-01T05:54:22.921+0000][12916][info][gc,init] NUMA Support: Disabled
[2025-01-01T05:54:22.921+0000][12916][info][gc,init] Compressed Oops: Enabled (32-bit)
[2025-01-01T05:54:22.921+0000][12916][info][gc,init] Heap Region Size: 1M
[2025-01-01T05:54:22.921+0000][12916][info][gc,init] Heap Min Capacity: 8M
[2025-01-01T05:54:22.922+0000][12916][info][gc,init] Heap Initial Capacity: 124M
[2025-01-01T05:54:22.922+0000][12916][info][gc,init] Heap Max Capacity: 1972M
[2025-01-01T05:54:22.922+0000][12916][info][gc,init] Pre-touch: Disabled
[2025-01-01T05:54:22.922+0000][12916][info][gc,init] Parallel Workers: 10
[2025-01-01T05:54:22.922+0000][12916][info][gc,init] Concurrent Workers: 3
[2025-01-01T05:54:22.922+0000][12916][info][gc,init] Concurrent Refinement Workers: 10
[2025-01-01T05:54:22.922+0000][12916][info][gc,init] Periodic GC: Disabled
[2025-01-01T05:54:22.945+0000][12916][info][gc,metaspace] CDS archive(s) mapped at: [0x0000022caf000000-0x0000022cafc90000-0x0000022cafc90000), size 13172736, SharedBaseAddress: 0x0000022caf000000, ArchiveRelocationMode: 1.
[2025-01-01T05:54:22.945+0000][12916][info][gc,metaspace] Compressed class space mapped at: 0x0000022cb0000000-0x0000022cf0000000, reserved size: 1073741824
[2025-01-01T05:54:22.945+0000][12916][info][gc,metaspace] Narrow klass base: 0x0000022caf000000, Narrow klass shift: 0, Narrow klass range: 0x100000000
[2025-01-01T05:54:23.021+0000][12916][info][gc,heap,exit] Heap
[2025-01-01T05:54:23.021+0000][12916][info][gc,heap,exit]  garbage-first heap   total 126976K, used 2992K [0x0000000084c00000, 0x0000000100000000)
[2025-01-01T05:54:23.021+0000][12916][info][gc,heap,exit]   region size 1024K, 3 young (3072K), 0 survivors (0K)
[2025-01-01T05:54:23.021+0000][12916][info][gc,heap,exit]  Metaspace       used 208K, committed 448K, reserved 1114112K
[2025-01-01T05:54:23.021+0000][12916][info][gc,heap,exit]   class space    used 6K, committed 128K, reserved 1048576K
