[2025-01-01T05:54:23.105+0000][23340][info][gc,init] CardTable entry size: 512
[2025-01-01T05:54:23.105+0000][23340][info][gc     ] Using G1
[2025-01-01T05:54:23.122+0000][23340][info][gc,init] Version: 21.0.1+12-29 (release)
[2025-01-01T05:54:23.122+0000][23340][info][gc,init] CPUs: 12 total, 12 available
[2025-01-01T05:54:23.122+0000][23340][info][gc,init] Memory: 7885M
[2025-01-01T05:54:23.122+0000][23340][info][gc,init] Large Page Support: Disabled
[2025-01-01T05:54:23.122+0000][23340][info][gc,init] NUMA Support: Disabled
[2025-01-01T05:54:23.122+0000][23340][info][gc,init] Compressed Oops: Enabled (Zero based)
[2025-01-01T05:54:23.122+0000][23340][info][gc,init] Heap Region Size: 2M
[2025-01-01T05:54:23.122+0000][23340][info][gc,init] Heap Min Capacity: 3942M
[2025-01-01T05:54:23.125+0000][23340][info][gc,init] Heap Initial Capacity: 3942M
[2025-01-01T05:54:23.125+0000][23340][info][gc,init] Heap Max Capacity: 3942M
[2025-01-01T05:54:23.125+0000][23340][info][gc,init] Pre-touch: Disabled
[2025-01-01T05:54:23.125+0000][23340][info][gc,init] Parallel Workers: 10
[2025-01-01T05:54:23.125+0000][23340][info][gc,init] Concurrent Workers: 3
[2025-01-01T05:54:23.125+0000][23340][info][gc,init] Concurrent Refinement Workers: 10
[2025-01-01T05:54:23.125+0000][23340][info][gc,init] Periodic GC: Disabled
[2025-01-01T05:54:23.138+0000][23340][info][gc,metaspace] CDS archive(s) mapped at: [0x0000024700000000-0x0000024700c90000-0x0000024700c90000), size 13172736, SharedBaseAddress: 0x0000024700000000, ArchiveRelocationMode: 1.
[2025-01-01T05:54:23.138+0000][23340][info][gc,metaspace] Compressed class space mapped at: 0x0000024701000000-0x0000024741000000, reserved size: 1073741824
[2025-01-01T05:54:23.138+0000][23340][info][gc,metaspace] Narrow klass base: 0x0000024700000000, Narrow klass shift: 0, Narrow klass range: 0x100000000
[2025-01-01T05:54:23.221+0000][23340][info][gc,heap,exit] Heap
[2025-01-01T05:54:23.221+0000][23340][info][gc,heap,exit]  garbage-first heap   total 4036608K, used 6144K [0x0000000709a00000, 0x0000000800000000)
[2025-01-01T05:54:23.221+0000][23340][info][gc,heap,exit]   region size 2048K, 3 young (6144K), 0 survivors (0K)
[2025-01-01T05:54:23.221+0000][23340][info][gc,heap,exit]  Metaspace       used 205K, committed 448K, reserved 1114112K
[2025-01-01T05:54:23.221+0000][23340][info][gc,heap,exit]   class space    used 6K, committed 128K, reserved 1048576K
